Command line invocation:
    /Applications/Xcode.app/Contents/Developer/usr/bin/xcodebuild -scheme earsonics -destination "platform=tvOS Simulator,name=Apple TV" clean build

2026-06-05 12:43:20.908 xcodebuild[39999:1654610] [MT] IDERunDestination: Supported platforms for the buildables in the current scheme is empty.
CreateBuildRequest

SendProjectDescription

CreateBuildOperation

** CLEAN SUCCEEDED **

ComputePackagePrebuildTargetDependencyGraph

Prepare packages

CreateBuildRequest

SendProjectDescription

CreateBuildOperation

ComputeTargetDependencyGraph
note: Building targets in dependency order
note: Target dependency graph (1 target)
    Target 'earsonics' in project 'earsonics' (no dependencies)

GatherProvisioningInputs

CreateBuildDescription

ExecuteExternalTool /Applications/Xcode.app/Contents/Developer/Toolchains/XcodeDefault.xctoolchain/usr/bin/clang -v -E -dM -isysroot /Applications/Xcode.app/Contents/Developer/Platforms/AppleTVSimulator.platform/Developer/SDKs/AppleTVSimulator26.5.sdk -x c -c /dev/null

ExecuteExternalTool /Applications/Xcode.app/Contents/Developer/usr/bin/actool --print-asset-tag-combinations --output-format xml1 /Users/machdi/xxdevappsxx/earsonics/earsonics/Assets.xcassets

ExecuteExternalTool /Applications/Xcode.app/Contents/Developer/usr/bin/actool --version --output-format xml1

ExecuteExternalTool /Applications/Xcode.app/Contents/Developer/Toolchains/XcodeDefault.xctoolchain/usr/bin/swiftc --version

ExecuteExternalTool /Applications/Xcode.app/Contents/Developer/Toolchains/XcodeDefault.xctoolchain/usr/bin/ld -version_details

Build description signature: 0216f55b9ed5d214f974e69808ffc977
Build description path: /Users/machdi/Library/Developer/Xcode/DerivedData/earsonics-edjcilendlsmvweqfawnjabcjoxo/Build/Intermediates.noindex/XCBuildData/0216f55b9ed5d214f974e69808ffc977.xcbuilddata
ClangStatCache /Applications/Xcode.app/Contents/Developer/Toolchains/XcodeDefault.xctoolchain/usr/bin/clang-stat-cache /Applications/Xcode.app/Contents/Developer/Platforms/AppleTVSimulator.platform/Developer/SDKs/AppleTVSimulator26.5.sdk /Users/machdi/Library/Developer/Xcode/DerivedData/SDKStatCaches.noindex/appletvsimulator26.5-23L470-3434e82a2ee0c2054baaa80ae3ef1269.sdkstatcache
    cd /Users/machdi/xxdevappsxx/earsonics/earsonics.xcodeproj
    /Applications/Xcode.app/Contents/Developer/Toolchains/XcodeDefault.xctoolchain/usr/bin/clang-stat-cache /Applications/Xcode.app/Contents/Developer/Platforms/AppleTVSimulator.platform/Developer/SDKs/AppleTVSimulator26.5.sdk -o /Users/machdi/Library/Developer/Xcode/DerivedData/SDKStatCaches.noindex/appletvsimulator26.5-23L470-3434e82a2ee0c2054baaa80ae3ef1269.sdkstatcache

CreateBuildDirectory /Users/machdi/Library/Developer/Xcode/DerivedData/earsonics-edjcilendlsmvweqfawnjabcjoxo/Build/Products
    cd /Users/machdi/xxdevappsxx/earsonics/earsonics.xcodeproj
    builtin-create-build-directory /Users/machdi/Library/Developer/Xcode/DerivedData/earsonics-edjcilendlsmvweqfawnjabcjoxo/Build/Products

CreateBuildDirectory /Users/machdi/Library/Developer/Xcode/DerivedData/earsonics-edjcilendlsmvweqfawnjabcjoxo/Build/Intermediates.noindex
    cd /Users/machdi/xxdevappsxx/earsonics/earsonics.xcodeproj
    builtin-create-build-directory /Users/machdi/Library/Developer/Xcode/DerivedData/earsonics-edjcilendlsmvweqfawnjabcjoxo/Build/Intermediates.noindex

CreateBuildDirectory /Users/machdi/Library/Developer/Xcode/DerivedData/earsonics-edjcilendlsmvweqfawnjabcjoxo/Build/Products/Debug-appletvsimulator
    cd /Users/machdi/xxdevappsxx/earsonics/earsonics.xcodeproj
    builtin-create-build-directory /Users/machdi/Library/Developer/Xcode/DerivedData/earsonics-edjcilendlsmvweqfawnjabcjoxo/Build/Products/Debug-appletvsimulator

CreateBuildDirectory /Users/machdi/Library/Developer/Xcode/DerivedData/earsonics-edjcilendlsmvweqfawnjabcjoxo/Build/Intermediates.noindex/SwiftExplicitPrecompiledModules
    cd /Users/machdi/xxdevappsxx/earsonics/earsonics.xcodeproj
    builtin-create-build-directory /Users/machdi/Library/Developer/Xcode/DerivedData/earsonics-edjcilendlsmvweqfawnjabcjoxo/Build/Intermediates.noindex/SwiftExplicitPrecompiledModules

CreateBuildDirectory /Users/machdi/Library/Developer/Xcode/DerivedData/earsonics-edjcilendlsmvweqfawnjabcjoxo/Build/Intermediates.noindex/ExplicitPrecompiledModules
    cd /Users/machdi/xxdevappsxx/earsonics/earsonics.xcodeproj
    builtin-create-build-directory /Users/machdi/Library/Developer/Xcode/DerivedData/earsonics-edjcilendlsmvweqfawnjabcjoxo/Build/Intermediates.noindex/ExplicitPrecompiledModules

CreateBuildDirectory /Users/machdi/Library/Developer/Xcode/DerivedData/earsonics-edjcilendlsmvweqfawnjabcjoxo/Build/Intermediates.noindex/EagerLinkingTBDs/Debug-appletvsimulator
    cd /Users/machdi/xxdevappsxx/earsonics/earsonics.xcodeproj
    builtin-create-build-directory /Users/machdi/Library/Developer/Xcode/DerivedData/earsonics-edjcilendlsmvweqfawnjabcjoxo/Build/Intermediates.noindex/EagerLinkingTBDs/Debug-appletvsimulator

WriteAuxiliaryFile /Users/machdi/Library/Developer/Xcode/DerivedData/earsonics-edjcilendlsmvweqfawnjabcjoxo/Build/Intermediates.noindex/earsonics.build/Debug-appletvsimulator/earsonics-c19b8956210f97700170c7d879da1417-VFS-appletvsimulator/all-product-headers.yaml
    cd /Users/machdi/xxdevappsxx/earsonics/earsonics.xcodeproj
    write-file /Users/machdi/Library/Developer/Xcode/DerivedData/earsonics-edjcilendlsmvweqfawnjabcjoxo/Build/Intermediates.noindex/earsonics.build/Debug-appletvsimulator/earsonics-c19b8956210f97700170c7d879da1417-VFS-appletvsimulator/all-product-headers.yaml

WriteAuxiliaryFile /Users/machdi/Library/Developer/Xcode/DerivedData/earsonics-edjcilendlsmvweqfawnjabcjoxo/Build/Intermediates.noindex/earsonics.build/Debug-appletvsimulator/earsonics.build/earsonics.hmap (in target 'earsonics' from project 'earsonics')
    cd /Users/machdi/xxdevappsxx/earsonics
    write-file /Users/machdi/Library/Developer/Xcode/DerivedData/earsonics-edjcilendlsmvweqfawnjabcjoxo/Build/Intermediates.noindex/earsonics.build/Debug-appletvsimulator/earsonics.build/earsonics.hmap

WriteAuxiliaryFile /Users/machdi/Library/Developer/Xcode/DerivedData/earsonics-edjcilendlsmvweqfawnjabcjoxo/Build/Intermediates.noindex/earsonics.build/Debug-appletvsimulator/earsonics.build/empty-earsonics.plist (in target 'earsonics' from project 'earsonics')
    cd /Users/machdi/xxdevappsxx/earsonics
    write-file /Users/machdi/Library/Developer/Xcode/DerivedData/earsonics-edjcilendlsmvweqfawnjabcjoxo/Build/Intermediates.noindex/earsonics.build/Debug-appletvsimulator/earsonics.build/empty-earsonics.plist

WriteAuxiliaryFile /Users/machdi/Library/Developer/Xcode/DerivedData/earsonics-edjcilendlsmvweqfawnjabcjoxo/Build/Intermediates.noindex/earsonics.build/Debug-appletvsimulator/earsonics.build/earsonics-project-headers.hmap (in target 'earsonics' from project 'earsonics')
    cd /Users/machdi/xxdevappsxx/earsonics
    write-file /Users/machdi/Library/Developer/Xcode/DerivedData/earsonics-edjcilendlsmvweqfawnjabcjoxo/Build/Intermediates.noindex/earsonics.build/Debug-appletvsimulator/earsonics.build/earsonics-project-headers.hmap

WriteAuxiliaryFile /Users/machdi/Library/Developer/Xcode/DerivedData/earsonics-edjcilendlsmvweqfawnjabcjoxo/Build/Intermediates.noindex/earsonics.build/Debug-appletvsimulator/earsonics.build/earsonics.DependencyStaticMetadataFileList (in target 'earsonics' from project 'earsonics')
    cd /Users/machdi/xxdevappsxx/earsonics
    write-file /Users/machdi/Library/Developer/Xcode/DerivedData/earsonics-edjcilendlsmvweqfawnjabcjoxo/Build/Intermediates.noindex/earsonics.build/Debug-appletvsimulator/earsonics.build/earsonics.DependencyStaticMetadataFileList

WriteAuxiliaryFile /Users/machdi/Library/Developer/Xcode/DerivedData/earsonics-edjcilendlsmvweqfawnjabcjoxo/Build/Intermediates.noindex/earsonics.build/Debug-appletvsimulator/earsonics.build/earsonics.DependencyMetadataFileList (in target 'earsonics' from project 'earsonics')
    cd /Users/machdi/xxdevappsxx/earsonics
    write-file /Users/machdi/Library/Developer/Xcode/DerivedData/earsonics-edjcilendlsmvweqfawnjabcjoxo/Build/Intermediates.noindex/earsonics.build/Debug-appletvsimulator/earsonics.build/earsonics.DependencyMetadataFileList

WriteAuxiliaryFile /Users/machdi/Library/Developer/Xcode/DerivedData/earsonics-edjcilendlsmvweqfawnjabcjoxo/Build/Intermediates.noindex/earsonics.build/Debug-appletvsimulator/earsonics.build/earsonics-own-target-headers.hmap (in target 'earsonics' from project 'earsonics')
    cd /Users/machdi/xxdevappsxx/earsonics
    write-file /Users/machdi/Library/Developer/Xcode/DerivedData/earsonics-edjcilendlsmvweqfawnjabcjoxo/Build/Intermediates.noindex/earsonics.build/Debug-appletvsimulator/earsonics.build/earsonics-own-target-headers.hmap

WriteAuxiliaryFile /Users/machdi/Library/Developer/Xcode/DerivedData/earsonics-edjcilendlsmvweqfawnjabcjoxo/Build/Intermediates.noindex/earsonics.build/Debug-appletvsimulator/earsonics.build/earsonics-generated-files.hmap (in target 'earsonics' from project 'earsonics')
    cd /Users/machdi/xxdevappsxx/earsonics
    write-file /Users/machdi/Library/Developer/Xcode/DerivedData/earsonics-edjcilendlsmvweqfawnjabcjoxo/Build/Intermediates.noindex/earsonics.build/Debug-appletvsimulator/earsonics.build/earsonics-generated-files.hmap

WriteAuxiliaryFile /Users/machdi/Library/Developer/Xcode/DerivedData/earsonics-edjcilendlsmvweqfawnjabcjoxo/Build/Intermediates.noindex/earsonics.build/Debug-appletvsimulator/earsonics.build/earsonics-all-target-headers.hmap (in target 'earsonics' from project 'earsonics')
    cd /Users/machdi/xxdevappsxx/earsonics
    write-file /Users/machdi/Library/Developer/Xcode/DerivedData/earsonics-edjcilendlsmvweqfawnjabcjoxo/Build/Intermediates.noindex/earsonics.build/Debug-appletvsimulator/earsonics.build/earsonics-all-target-headers.hmap

WriteAuxiliaryFile /Users/machdi/Library/Developer/Xcode/DerivedData/earsonics-edjcilendlsmvweqfawnjabcjoxo/Build/Intermediates.noindex/earsonics.build/Debug-appletvsimulator/earsonics.build/earsonics-all-non-framework-target-headers.hmap (in target 'earsonics' from project 'earsonics')
    cd /Users/machdi/xxdevappsxx/earsonics
    write-file /Users/machdi/Library/Developer/Xcode/DerivedData/earsonics-edjcilendlsmvweqfawnjabcjoxo/Build/Intermediates.noindex/earsonics.build/Debug-appletvsimulator/earsonics.build/earsonics-all-non-framework-target-headers.hmap

WriteAuxiliaryFile /Users/machdi/Library/Developer/Xcode/DerivedData/earsonics-edjcilendlsmvweqfawnjabcjoxo/Build/Intermediates.noindex/earsonics.build/Debug-appletvsimulator/earsonics.build/earsonics-DebugDylibPath-normal-arm64.txt (in target 'earsonics' from project 'earsonics')
    cd /Users/machdi/xxdevappsxx/earsonics
    write-file /Users/machdi/Library/Developer/Xcode/DerivedData/earsonics-edjcilendlsmvweqfawnjabcjoxo/Build/Intermediates.noindex/earsonics.build/Debug-appletvsimulator/earsonics.build/earsonics-DebugDylibPath-normal-arm64.txt

WriteAuxiliaryFile /Users/machdi/Library/Developer/Xcode/DerivedData/earsonics-edjcilendlsmvweqfawnjabcjoxo/Build/Intermediates.noindex/earsonics.build/Debug-appletvsimulator/earsonics.build/earsonics-DebugDylibInstallName-normal-arm64.txt (in target 'earsonics' from project 'earsonics')
    cd /Users/machdi/xxdevappsxx/earsonics
    write-file /Users/machdi/Library/Developer/Xcode/DerivedData/earsonics-edjcilendlsmvweqfawnjabcjoxo/Build/Intermediates.noindex/earsonics.build/Debug-appletvsimulator/earsonics.build/earsonics-DebugDylibInstallName-normal-arm64.txt

WriteAuxiliaryFile /Users/machdi/Library/Developer/Xcode/DerivedData/earsonics-edjcilendlsmvweqfawnjabcjoxo/Build/Intermediates.noindex/earsonics.build/Debug-appletvsimulator/earsonics.build/Objects-normal/arm64/earsonics_const_extract_protocols.json (in target 'earsonics' from project 'earsonics')
    cd /Users/machdi/xxdevappsxx/earsonics
    write-file /Users/machdi/Library/Developer/Xcode/DerivedData/earsonics-edjcilendlsmvweqfawnjabcjoxo/Build/Intermediates.noindex/earsonics.build/Debug-appletvsimulator/earsonics.build/Objects-normal/arm64/earsonics_const_extract_protocols.json

WriteAuxiliaryFile /Users/machdi/Library/Developer/Xcode/DerivedData/earsonics-edjcilendlsmvweqfawnjabcjoxo/Build/Intermediates.noindex/earsonics.build/Debug-appletvsimulator/earsonics.build/Objects-normal/arm64/earsonics.SwiftFileList (in target 'earsonics' from project 'earsonics')
    cd /Users/machdi/xxdevappsxx/earsonics
    write-file /Users/machdi/Library/Developer/Xcode/DerivedData/earsonics-edjcilendlsmvweqfawnjabcjoxo/Build/Intermediates.noindex/earsonics.build/Debug-appletvsimulator/earsonics.build/Objects-normal/arm64/earsonics.SwiftFileList

WriteAuxiliaryFile /Users/machdi/Library/Developer/Xcode/DerivedData/earsonics-edjcilendlsmvweqfawnjabcjoxo/Build/Intermediates.noindex/earsonics.build/Debug-appletvsimulator/earsonics.build/Objects-normal/arm64/earsonics.SwiftConstValuesFileList (in target 'earsonics' from project 'earsonics')
    cd /Users/machdi/xxdevappsxx/earsonics
    write-file /Users/machdi/Library/Developer/Xcode/DerivedData/earsonics-edjcilendlsmvweqfawnjabcjoxo/Build/Intermediates.noindex/earsonics.build/Debug-appletvsimulator/earsonics.build/Objects-normal/arm64/earsonics.SwiftConstValuesFileList

WriteAuxiliaryFile /Users/machdi/Library/Developer/Xcode/DerivedData/earsonics-edjcilendlsmvweqfawnjabcjoxo/Build/Intermediates.noindex/earsonics.build/Debug-appletvsimulator/earsonics.build/Objects-normal/arm64/earsonics.LinkFileList (in target 'earsonics' from project 'earsonics')
    cd /Users/machdi/xxdevappsxx/earsonics
    write-file /Users/machdi/Library/Developer/Xcode/DerivedData/earsonics-edjcilendlsmvweqfawnjabcjoxo/Build/Intermediates.noindex/earsonics.build/Debug-appletvsimulator/earsonics.build/Objects-normal/arm64/earsonics.LinkFileList

WriteAuxiliaryFile /Users/machdi/Library/Developer/Xcode/DerivedData/earsonics-edjcilendlsmvweqfawnjabcjoxo/Build/Intermediates.noindex/earsonics.build/Debug-appletvsimulator/earsonics.build/Objects-normal/arm64/earsonics-OutputFileMap.json (in target 'earsonics' from project 'earsonics')
    cd /Users/machdi/xxdevappsxx/earsonics
    write-file /Users/machdi/Library/Developer/Xcode/DerivedData/earsonics-edjcilendlsmvweqfawnjabcjoxo/Build/Intermediates.noindex/earsonics.build/Debug-appletvsimulator/earsonics.build/Objects-normal/arm64/earsonics-OutputFileMap.json

MkDir /Users/machdi/Library/Developer/Xcode/DerivedData/earsonics-edjcilendlsmvweqfawnjabcjoxo/Build/Products/Debug-appletvsimulator/earsonics.app (in target 'earsonics' from project 'earsonics')
    cd /Users/machdi/xxdevappsxx/earsonics
    /bin/mkdir -p /Users/machdi/Library/Developer/Xcode/DerivedData/earsonics-edjcilendlsmvweqfawnjabcjoxo/Build/Products/Debug-appletvsimulator/earsonics.app

WriteAuxiliaryFile /Users/machdi/Library/Developer/Xcode/DerivedData/earsonics-edjcilendlsmvweqfawnjabcjoxo/Build/Intermediates.noindex/earsonics.build/Debug-appletvsimulator/earsonics.build/DerivedSources/Entitlements-Simulated.plist (in target 'earsonics' from project 'earsonics')
    cd /Users/machdi/xxdevappsxx/earsonics
    write-file /Users/machdi/Library/Developer/Xcode/DerivedData/earsonics-edjcilendlsmvweqfawnjabcjoxo/Build/Intermediates.noindex/earsonics.build/Debug-appletvsimulator/earsonics.build/DerivedSources/Entitlements-Simulated.plist

ProcessProductPackaging "" /Users/machdi/Library/Developer/Xcode/DerivedData/earsonics-edjcilendlsmvweqfawnjabcjoxo/Build/Intermediates.noindex/earsonics.build/Debug-appletvsimulator/earsonics.build/earsonics.app-Simulated.xcent (in target 'earsonics' from project 'earsonics')
    cd /Users/machdi/xxdevappsxx/earsonics
    
    Entitlements:
    
    {
    "application-identifier" = "F777FR4486.com.wonderworks.earsonics";
}
    
    builtin-productPackagingUtility -entitlements -format xml -o /Users/machdi/Library/Developer/Xcode/DerivedData/earsonics-edjcilendlsmvweqfawnjabcjoxo/Build/Intermediates.noindex/earsonics.build/Debug-appletvsimulator/earsonics.build/earsonics.app-Simulated.xcent

ProcessProductPackagingDER /Users/machdi/Library/Developer/Xcode/DerivedData/earsonics-edjcilendlsmvweqfawnjabcjoxo/Build/Intermediates.noindex/earsonics.build/Debug-appletvsimulator/earsonics.build/earsonics.app-Simulated.xcent /Users/machdi/Library/Developer/Xcode/DerivedData/earsonics-edjcilendlsmvweqfawnjabcjoxo/Build/Intermediates.noindex/earsonics.build/Debug-appletvsimulator/earsonics.build/earsonics.app-Simulated.xcent.der (in target 'earsonics' from project 'earsonics')
    cd /Users/machdi/xxdevappsxx/earsonics
    /usr/bin/derq query -f xml -i /Users/machdi/Library/Developer/Xcode/DerivedData/earsonics-edjcilendlsmvweqfawnjabcjoxo/Build/Intermediates.noindex/earsonics.build/Debug-appletvsimulator/earsonics.build/earsonics.app-Simulated.xcent -o /Users/machdi/Library/Developer/Xcode/DerivedData/earsonics-edjcilendlsmvweqfawnjabcjoxo/Build/Intermediates.noindex/earsonics.build/Debug-appletvsimulator/earsonics.build/earsonics.app-Simulated.xcent.der --raw

Ld /Users/machdi/Library/Developer/Xcode/DerivedData/earsonics-edjcilendlsmvweqfawnjabcjoxo/Build/Products/Debug-appletvsimulator/earsonics.app/__preview.dylib normal (in target 'earsonics' from project 'earsonics')
    cd /Users/machdi/xxdevappsxx/earsonics
    /Applications/Xcode.app/Contents/Developer/Toolchains/XcodeDefault.xctoolchain/usr/bin/clang -Xlinker -reproducible -target arm64-apple-tvos26.4-simulator -dynamiclib -isysroot /Applications/Xcode.app/Contents/Developer/Platforms/AppleTVSimulator.platform/Developer/SDKs/AppleTVSimulator26.5.sdk -O0 -L/Users/machdi/Library/Developer/Xcode/DerivedData/earsonics-edjcilendlsmvweqfawnjabcjoxo/Build/Products/Debug-appletvsimulator -F/Users/machdi/Library/Developer/Xcode/DerivedData/earsonics-edjcilendlsmvweqfawnjabcjoxo/Build/Products/Debug-appletvsimulator -install_name @rpath/earsonics.debug.dylib -Xlinker -dead_strip -rdynamic -Xlinker -no_deduplicate -Xlinker -objc_abi_version -Xlinker 2 -Xlinker -debug_variant -Xlinker -dependency_info -Xlinker /Users/machdi/Library/Developer/Xcode/DerivedData/earsonics-edjcilendlsmvweqfawnjabcjoxo/Build/Intermediates.noindex/earsonics.build/Debug-appletvsimulator/earsonics.build/Objects-normal/arm64/earsonics_dependency_info.dat -Xlinker -sectcreate -Xlinker __TEXT -Xlinker __entitlements -Xlinker /Users/machdi/Library/Developer/Xcode/DerivedData/earsonics-edjcilendlsmvweqfawnjabcjoxo/Build/Intermediates.noindex/earsonics.build/Debug-appletvsimulator/earsonics.build/earsonics.app-Simulated.xcent -Xlinker -sectcreate -Xlinker __TEXT -Xlinker __ents_der -Xlinker /Users/machdi/Library/Developer/Xcode/DerivedData/earsonics-edjcilendlsmvweqfawnjabcjoxo/Build/Intermediates.noindex/earsonics.build/Debug-appletvsimulator/earsonics.build/earsonics.app-Simulated.xcent.der -Xlinker -no_adhoc_codesign -o /Users/machdi/Library/Developer/Xcode/DerivedData/earsonics-edjcilendlsmvweqfawnjabcjoxo/Build/Products/Debug-appletvsimulator/earsonics.app/__preview.dylib

GenerateAssetSymbols /Users/machdi/xxdevappsxx/earsonics/earsonics/Assets.xcassets (in target 'earsonics' from project 'earsonics')
    cd /Users/machdi/xxdevappsxx/earsonics
    /Applications/Xcode.app/Contents/Developer/usr/bin/actool /Users/machdi/xxdevappsxx/earsonics/earsonics/Assets.xcassets --compile /Users/machdi/Library/Developer/Xcode/DerivedData/earsonics-edjcilendlsmvweqfawnjabcjoxo/Build/Products/Debug-appletvsimulator/earsonics.app --output-format human-readable-text --notices --warnings --export-dependency-info /Users/machdi/Library/Developer/Xcode/DerivedData/earsonics-edjcilendlsmvweqfawnjabcjoxo/Build/Intermediates.noindex/earsonics.build/Debug-appletvsimulator/earsonics.build/assetcatalog_dependencies --output-partial-info-plist /Users/machdi/Library/Developer/Xcode/DerivedData/earsonics-edjcilendlsmvweqfawnjabcjoxo/Build/Intermediates.noindex/earsonics.build/Debug-appletvsimulator/earsonics.build/assetcatalog_generated_info.plist --app-icon App\ Icon\ \&\ Top\ Shelf\ Image --accent-color AccentColor --compress-pngs --enable-on-demand-resources YES --development-region en --leaderboard-identifier-prefix earsonics.game-center.leaderboard. --leaderboard-set-identifier-prefix earsonics.game-center.leaderboard-set. --target-device tv --minimum-deployment-target 26.4 --platform appletvsimulator --bundle-identifier com.wonderworks.earsonics --generate-swift-asset-symbols /Users/machdi/Library/Developer/Xcode/DerivedData/earsonics-edjcilendlsmvweqfawnjabcjoxo/Build/Intermediates.noindex/earsonics.build/Debug-appletvsimulator/earsonics.build/DerivedSources/GeneratedAssetSymbols.swift --generate-objc-asset-symbols /Users/machdi/Library/Developer/Xcode/DerivedData/earsonics-edjcilendlsmvweqfawnjabcjoxo/Build/Intermediates.noindex/earsonics.build/Debug-appletvsimulator/earsonics.build/DerivedSources/GeneratedAssetSymbols.h --generate-asset-symbol-index /Users/machdi/Library/Developer/Xcode/DerivedData/earsonics-edjcilendlsmvweqfawnjabcjoxo/Build/Intermediates.noindex/earsonics.build/Debug-appletvsimulator/earsonics.build/DerivedSources/GeneratedAssetSymbols-Index.plist
/* com.apple.actool.compilation-results */
/Users/machdi/Library/Developer/Xcode/DerivedData/earsonics-edjcilendlsmvweqfawnjabcjoxo/Build/Intermediates.noindex/earsonics.build/Debug-appletvsimulator/earsonics.build/DerivedSources/GeneratedAssetSymbols-Index.plist
/Users/machdi/Library/Developer/Xcode/DerivedData/earsonics-edjcilendlsmvweqfawnjabcjoxo/Build/Intermediates.noindex/earsonics.build/Debug-appletvsimulator/earsonics.build/DerivedSources/GeneratedAssetSymbols.h
/Users/machdi/Library/Developer/Xcode/DerivedData/earsonics-edjcilendlsmvweqfawnjabcjoxo/Build/Intermediates.noindex/earsonics.build/Debug-appletvsimulator/earsonics.build/DerivedSources/GeneratedAssetSymbols.swift


MkDir /Users/machdi/Library/Developer/Xcode/DerivedData/earsonics-edjcilendlsmvweqfawnjabcjoxo/Build/Intermediates.noindex/earsonics.build/Debug-appletvsimulator/earsonics.build/assetcatalog_output/thinned (in target 'earsonics' from project 'earsonics')
    cd /Users/machdi/xxdevappsxx/earsonics
    /bin/mkdir -p /Users/machdi/Library/Developer/Xcode/DerivedData/earsonics-edjcilendlsmvweqfawnjabcjoxo/Build/Intermediates.noindex/earsonics.build/Debug-appletvsimulator/earsonics.build/assetcatalog_output/thinned

MkDir /Users/machdi/Library/Developer/Xcode/DerivedData/earsonics-edjcilendlsmvweqfawnjabcjoxo/Build/Intermediates.noindex/earsonics.build/Debug-appletvsimulator/earsonics.build/assetcatalog_output/unthinned (in target 'earsonics' from project 'earsonics')
    cd /Users/machdi/xxdevappsxx/earsonics
    /bin/mkdir -p /Users/machdi/Library/Developer/Xcode/DerivedData/earsonics-edjcilendlsmvweqfawnjabcjoxo/Build/Intermediates.noindex/earsonics.build/Debug-appletvsimulator/earsonics.build/assetcatalog_output/unthinned

CompileAssetCatalogVariant thinned /Users/machdi/Library/Developer/Xcode/DerivedData/earsonics-edjcilendlsmvweqfawnjabcjoxo/Build/Products/Debug-appletvsimulator/earsonics.app /Users/machdi/xxdevappsxx/earsonics/earsonics/Assets.xcassets (in target 'earsonics' from project 'earsonics')
    cd /Users/machdi/xxdevappsxx/earsonics
    /Applications/Xcode.app/Contents/Developer/usr/bin/actool /Users/machdi/xxdevappsxx/earsonics/earsonics/Assets.xcassets --compile /Users/machdi/Library/Developer/Xcode/DerivedData/earsonics-edjcilendlsmvweqfawnjabcjoxo/Build/Intermediates.noindex/earsonics.build/Debug-appletvsimulator/earsonics.build/assetcatalog_output/thinned --output-format human-readable-text --notices --warnings --export-dependency-info /Users/machdi/Library/Developer/Xcode/DerivedData/earsonics-edjcilendlsmvweqfawnjabcjoxo/Build/Intermediates.noindex/earsonics.build/Debug-appletvsimulator/earsonics.build/assetcatalog_dependencies_thinned --output-partial-info-plist /Users/machdi/Library/Developer/Xcode/DerivedData/earsonics-edjcilendlsmvweqfawnjabcjoxo/Build/Intermediates.noindex/earsonics.build/Debug-appletvsimulator/earsonics.build/assetcatalog_generated_info.plist_thinned --app-icon App\ Icon\ \&\ Top\ Shelf\ Image --accent-color AccentColor --compress-pngs --enable-on-demand-resources YES --filter-for-thinning-device-configuration AppleTV5,3 --filter-for-device-os-version 26.5 --development-region en --leaderboard-identifier-prefix earsonics.game-center.leaderboard. --leaderboard-set-identifier-prefix earsonics.game-center.leaderboard-set. --target-device tv --minimum-deployment-target 26.4 --platform appletvsimulator
/* com.apple.actool.compilation-results */
/Users/machdi/Library/Developer/Xcode/DerivedData/earsonics-edjcilendlsmvweqfawnjabcjoxo/Build/Intermediates.noindex/earsonics.build/Debug-appletvsimulator/earsonics.build/assetcatalog_generated_info.plist_thinned
/Users/machdi/Library/Developer/Xcode/DerivedData/earsonics-edjcilendlsmvweqfawnjabcjoxo/Build/Intermediates.noindex/earsonics.build/Debug-appletvsimulator/earsonics.build/assetcatalog_output/thinned/Assets.car


SwiftDriver earsonics normal arm64 com.apple.xcode.tools.swift.compiler (in target 'earsonics' from project 'earsonics')
    cd /Users/machdi/xxdevappsxx/earsonics
    builtin-SwiftDriver -- /Applications/Xcode.app/Contents/Developer/Toolchains/XcodeDefault.xctoolchain/usr/bin/swiftc -module-name earsonics -Onone @/Users/machdi/Library/Developer/Xcode/DerivedData/earsonics-edjcilendlsmvweqfawnjabcjoxo/Build/Intermediates.noindex/earsonics.build/Debug-appletvsimulator/earsonics.build/Objects-normal/arm64/earsonics.SwiftFileList -DDEBUG -default-isolation\=MainActor -enable-bare-slash-regex -enable-upcoming-feature DisableOutwardActorInference -enable-upcoming-feature InferSendableFromCaptures -enable-upcoming-feature GlobalActorIsolatedTypesUsability -enable-upcoming-feature MemberImportVisibility -enable-upcoming-feature InferIsolatedConformances -enable-upcoming-feature NonisolatedNonsendingByDefault -enable-experimental-feature DebugDescriptionMacro -sdk /Applications/Xcode.app/Contents/Developer/Platforms/AppleTVSimulator.platform/Developer/SDKs/AppleTVSimulator26.5.sdk -target arm64-apple-tvos26.4-simulator -g -module-cache-path /Users/machdi/Library/Developer/Xcode/DerivedData/ModuleCache.noindex -Xfrontend -serialize-debugging-options -profile-coverage-mapping -profile-generate -enable-testing -index-store-path /Users/machdi/Library/Developer/Xcode/DerivedData/earsonics-edjcilendlsmvweqfawnjabcjoxo/Index.noindex/DataStore -Xcc -D_LIBCPP_HARDENING_MODE\=_LIBCPP_HARDENING_MODE_DEBUG -swift-version 5 -I /Users/machdi/Library/Developer/Xcode/DerivedData/earsonics-edjcilendlsmvweqfawnjabcjoxo/Build/Products/Debug-appletvsimulator -F /Users/machdi/Library/Developer/Xcode/DerivedData/earsonics-edjcilendlsmvweqfawnjabcjoxo/Build/Products/Debug-appletvsimulator -emit-localized-strings -emit-localized-strings-path /Users/machdi/Library/Developer/Xcode/DerivedData/earsonics-edjcilendlsmvweqfawnjabcjoxo/Build/Intermediates.noindex/earsonics.build/Debug-appletvsimulator/earsonics.build/Objects-normal/arm64 -c -j10 -enable-batch-mode -incremental -Xcc -ivfsstatcache -Xcc /Users/machdi/Library/Developer/Xcode/DerivedData/SDKStatCaches.noindex/appletvsimulator26.5-23L470-3434e82a2ee0c2054baaa80ae3ef1269.sdkstatcache -output-file-map /Users/machdi/Library/Developer/Xcode/DerivedData/earsonics-edjcilendlsmvweqfawnjabcjoxo/Build/Intermediates.noindex/earsonics.build/Debug-appletvsimulator/earsonics.build/Objects-normal/arm64/earsonics-OutputFileMap.json -use-frontend-parseable-output -save-temps -no-color-diagnostics -explicit-module-build -module-cache-path /Users/machdi/Library/Developer/Xcode/DerivedData/earsonics-edjcilendlsmvweqfawnjabcjoxo/Build/Intermediates.noindex/SwiftExplicitPrecompiledModules -clang-scanner-module-cache-path /Users/machdi/Library/Developer/Xcode/DerivedData/ModuleCache.noindex -sdk-module-cache-path /Users/machdi/Library/Developer/Xcode/DerivedData/ModuleCache.noindex -serialize-diagnostics -emit-dependencies -emit-module -emit-module-path /Users/machdi/Library/Developer/Xcode/DerivedData/earsonics-edjcilendlsmvweqfawnjabcjoxo/Build/Intermediates.noindex/earsonics.build/Debug-appletvsimulator/earsonics.build/Objects-normal/arm64/earsonics.swiftmodule -validate-clang-modules-once -clang-build-session-file /Users/machdi/Library/Developer/Xcode/DerivedData/ModuleCache.noindex/Session.modulevalidation -Xcc -I/Users/machdi/Library/Developer/Xcode/DerivedData/earsonics-edjcilendlsmvweqfawnjabcjoxo/Build/Intermediates.noindex/earsonics.build/Debug-appletvsimulator/earsonics.build/swift-overrides.hmap -emit-const-values -Xfrontend -const-gather-protocols-file -Xfrontend /Users/machdi/Library/Developer/Xcode/DerivedData/earsonics-edjcilendlsmvweqfawnjabcjoxo/Build/Intermediates.noindex/earsonics.build/Debug-appletvsimulator/earsonics.build/Objects-normal/arm64/earsonics_const_extract_protocols.json -Xcc -iquote -Xcc /Users/machdi/Library/Developer/Xcode/DerivedData/earsonics-edjcilendlsmvweqfawnjabcjoxo/Build/Intermediates.noindex/earsonics.build/Debug-appletvsimulator/earsonics.build/earsonics-generated-files.hmap -Xcc -I/Users/machdi/Library/Developer/Xcode/DerivedData/earsonics-edjcilendlsmvweqfawnjabcjoxo/Build/Intermediates.noindex/earsonics.build/Debug-appletvsimulator/earsonics.build/earsonics-own-target-headers.hmap -Xcc -I/Users/machdi/Library/Developer/Xcode/DerivedData/earsonics-edjcilendlsmvweqfawnjabcjoxo/Build/Intermediates.noindex/earsonics.build/Debug-appletvsimulator/earsonics.build/earsonics-all-target-headers.hmap -Xcc -iquote -Xcc /Users/machdi/Library/Developer/Xcode/DerivedData/earsonics-edjcilendlsmvweqfawnjabcjoxo/Build/Intermediates.noindex/earsonics.build/Debug-appletvsimulator/earsonics.build/earsonics-project-headers.hmap -Xcc -I/Users/machdi/Library/Developer/Xcode/DerivedData/earsonics-edjcilendlsmvweqfawnjabcjoxo/Build/Products/Debug-appletvsimulator/include -Xcc -I/Users/machdi/Library/Developer/Xcode/DerivedData/earsonics-edjcilendlsmvweqfawnjabcjoxo/Build/Intermediates.noindex/earsonics.build/Debug-appletvsimulator/earsonics.build/DerivedSources-normal/arm64 -Xcc -I/Users/machdi/Library/Developer/Xcode/DerivedData/earsonics-edjcilendlsmvweqfawnjabcjoxo/Build/Intermediates.noindex/earsonics.build/Debug-appletvsimulator/earsonics.build/DerivedSources/arm64 -Xcc -I/Users/machdi/Library/Developer/Xcode/DerivedData/earsonics-edjcilendlsmvweqfawnjabcjoxo/Build/Intermediates.noindex/earsonics.build/Debug-appletvsimulator/earsonics.build/DerivedSources -Xcc -DDEBUG\=1 -emit-objc-header -emit-objc-header-path /Users/machdi/Library/Developer/Xcode/DerivedData/earsonics-edjcilendlsmvweqfawnjabcjoxo/Build/Intermediates.noindex/earsonics.build/Debug-appletvsimulator/earsonics.build/Objects-normal/arm64/earsonics-Swift.h -working-directory /Users/machdi/xxdevappsxx/earsonics -experimental-emit-module-separately -disable-cmo

SwiftCompile normal arm64 Compiling\ ArtistsView.swift,\ HomeView.swift,\ LyricsView.swift /Users/machdi/xxdevappsxx/earsonics/earsonics/Views/ArtistsView.swift /Users/machdi/xxdevappsxx/earsonics/earsonics/Views/HomeView.swift /Users/machdi/xxdevappsxx/earsonics/earsonics/Views/LyricsView.swift (in target 'earsonics' from project 'earsonics')

SwiftCompile normal arm64 /Users/machdi/xxdevappsxx/earsonics/earsonics/Views/ArtistsView.swift (in target 'earsonics' from project 'earsonics')
    cd /Users/machdi/xxdevappsxx/earsonics
    

SwiftCompile normal arm64 /Users/machdi/xxdevappsxx/earsonics/earsonics/Views/HomeView.swift (in target 'earsonics' from project 'earsonics')
    cd /Users/machdi/xxdevappsxx/earsonics
    

SwiftCompile normal arm64 /Users/machdi/xxdevappsxx/earsonics/earsonics/Views/LyricsView.swift (in target 'earsonics' from project 'earsonics')
    cd /Users/machdi/xxdevappsxx/earsonics
    

SwiftCompile normal arm64 Compiling\ MediaModels.swift,\ Server.swift,\ AudioPlayerService.swift /Users/machdi/xxdevappsxx/earsonics/earsonics/Models/MediaModels.swift /Users/machdi/xxdevappsxx/earsonics/earsonics/Models/Server.swift /Users/machdi/xxdevappsxx/earsonics/earsonics/Services/AudioPlayerService.swift (in target 'earsonics' from project 'earsonics')

SwiftCompile normal arm64 /Users/machdi/xxdevappsxx/earsonics/earsonics/Models/MediaModels.swift (in target 'earsonics' from project 'earsonics')
    cd /Users/machdi/xxdevappsxx/earsonics
    

SwiftCompile normal arm64 /Users/machdi/xxdevappsxx/earsonics/earsonics/Models/Server.swift (in target 'earsonics' from project 'earsonics')
    cd /Users/machdi/xxdevappsxx/earsonics
    

SwiftCompile normal arm64 /Users/machdi/xxdevappsxx/earsonics/earsonics/Services/AudioPlayerService.swift (in target 'earsonics' from project 'earsonics')
    cd /Users/machdi/xxdevappsxx/earsonics
    

SwiftCompile normal arm64 Compiling\ MiniPlayerBar.swift,\ NowPlayingView.swift,\ PlaylistsView.swift /Users/machdi/xxdevappsxx/earsonics/earsonics/Views/MiniPlayerBar.swift /Users/machdi/xxdevappsxx/earsonics/earsonics/Views/NowPlayingView.swift /Users/machdi/xxdevappsxx/earsonics/earsonics/Views/PlaylistsView.swift (in target 'earsonics' from project 'earsonics')

SwiftCompile normal arm64 /Users/machdi/xxdevappsxx/earsonics/earsonics/Views/MiniPlayerBar.swift (in target 'earsonics' from project 'earsonics')
    cd /Users/machdi/xxdevappsxx/earsonics
    

SwiftCompile normal arm64 /Users/machdi/xxdevappsxx/earsonics/earsonics/Views/NowPlayingView.swift (in target 'earsonics' from project 'earsonics')
    cd /Users/machdi/xxdevappsxx/earsonics
    

SwiftCompile normal arm64 /Users/machdi/xxdevappsxx/earsonics/earsonics/Views/PlaylistsView.swift (in target 'earsonics' from project 'earsonics')
    cd /Users/machdi/xxdevappsxx/earsonics
    

SwiftCompile normal arm64 Compiling\ SubsonicClient.swift,\ SharedLayout.swift,\ AppState.swift /Users/machdi/xxdevappsxx/earsonics/earsonics/Services/SubsonicClient.swift /Users/machdi/xxdevappsxx/earsonics/earsonics/Shared/SharedLayout.swift /Users/machdi/xxdevappsxx/earsonics/earsonics/ViewModels/AppState.swift (in target 'earsonics' from project 'earsonics')

SwiftCompile normal arm64 /Users/machdi/xxdevappsxx/earsonics/earsonics/Services/SubsonicClient.swift (in target 'earsonics' from project 'earsonics')
    cd /Users/machdi/xxdevappsxx/earsonics
    

SwiftCompile normal arm64 /Users/machdi/xxdevappsxx/earsonics/earsonics/Shared/SharedLayout.swift (in target 'earsonics' from project 'earsonics')
    cd /Users/machdi/xxdevappsxx/earsonics
    

SwiftCompile normal arm64 /Users/machdi/xxdevappsxx/earsonics/earsonics/ViewModels/AppState.swift (in target 'earsonics' from project 'earsonics')
    cd /Users/machdi/xxdevappsxx/earsonics
    

SwiftCompile normal arm64 Compiling\ LibraryViewModel.swift,\ CoverArtView.swift,\ FocusStyle.swift /Users/machdi/xxdevappsxx/earsonics/earsonics/ViewModels/LibraryViewModel.swift /Users/machdi/xxdevappsxx/earsonics/earsonics/Views/Shared/CoverArtView.swift /Users/machdi/xxdevappsxx/earsonics/earsonics/Views/Shared/FocusStyle.swift (in target 'earsonics' from project 'earsonics')

SwiftCompile normal arm64 /Users/machdi/xxdevappsxx/earsonics/earsonics/ViewModels/LibraryViewModel.swift (in target 'earsonics' from project 'earsonics')
    cd /Users/machdi/xxdevappsxx/earsonics
    

SwiftCompile normal arm64 /Users/machdi/xxdevappsxx/earsonics/earsonics/Views/Shared/CoverArtView.swift (in target 'earsonics' from project 'earsonics')
    cd /Users/machdi/xxdevappsxx/earsonics
    

SwiftCompile normal arm64 /Users/machdi/xxdevappsxx/earsonics/earsonics/Views/Shared/FocusStyle.swift (in target 'earsonics' from project 'earsonics')
    cd /Users/machdi/xxdevappsxx/earsonics
    

SwiftCompile normal arm64 Compiling\ ScrollingText.swift,\ StarButton.swift,\ AlbumDetailView.swift /Users/machdi/xxdevappsxx/earsonics/earsonics/Views/Shared/ScrollingText.swift /Users/machdi/xxdevappsxx/earsonics/earsonics/Views/Shared/StarButton.swift /Users/machdi/xxdevappsxx/earsonics/earsonics/Views/AlbumDetailView.swift (in target 'earsonics' from project 'earsonics')

SwiftCompile normal arm64 /Users/machdi/xxdevappsxx/earsonics/earsonics/Views/Shared/ScrollingText.swift (in target 'earsonics' from project 'earsonics')
    cd /Users/machdi/xxdevappsxx/earsonics
    

SwiftCompile normal arm64 /Users/machdi/xxdevappsxx/earsonics/earsonics/Views/Shared/StarButton.swift (in target 'earsonics' from project 'earsonics')
    cd /Users/machdi/xxdevappsxx/earsonics
    

SwiftCompile normal arm64 /Users/machdi/xxdevappsxx/earsonics/earsonics/Views/AlbumDetailView.swift (in target 'earsonics' from project 'earsonics')
    cd /Users/machdi/xxdevappsxx/earsonics
    

SwiftCompile normal arm64 Compiling\ StarredView.swift,\ ContentView.swift /Users/machdi/xxdevappsxx/earsonics/earsonics/Views/StarredView.swift /Users/machdi/xxdevappsxx/earsonics/earsonics/ContentView.swift (in target 'earsonics' from project 'earsonics')

SwiftCompile normal arm64 /Users/machdi/xxdevappsxx/earsonics/earsonics/Views/StarredView.swift (in target 'earsonics' from project 'earsonics')
    cd /Users/machdi/xxdevappsxx/earsonics
    

SwiftCompile normal arm64 /Users/machdi/xxdevappsxx/earsonics/earsonics/ContentView.swift (in target 'earsonics' from project 'earsonics')
    cd /Users/machdi/xxdevappsxx/earsonics
    

SwiftEmitModule normal arm64 Emitting\ module\ for\ earsonics (in target 'earsonics' from project 'earsonics')

EmitSwiftModule normal arm64 (in target 'earsonics' from project 'earsonics')
    cd /Users/machdi/xxdevappsxx/earsonics
    

SwiftCompile normal arm64 Compiling\ SettingsView.swift,\ SongsView.swift /Users/machdi/xxdevappsxx/earsonics/earsonics/Views/SettingsView.swift /Users/machdi/xxdevappsxx/earsonics/earsonics/Views/SongsView.swift (in target 'earsonics' from project 'earsonics')

SwiftCompile normal arm64 /Users/machdi/xxdevappsxx/earsonics/earsonics/Views/SettingsView.swift (in target 'earsonics' from project 'earsonics')
    cd /Users/machdi/xxdevappsxx/earsonics
    

SwiftCompile normal arm64 /Users/machdi/xxdevappsxx/earsonics/earsonics/Views/SongsView.swift (in target 'earsonics' from project 'earsonics')
    cd /Users/machdi/xxdevappsxx/earsonics
    

SwiftCompile normal arm64 Compiling\ QueueView.swift,\ SearchView.swift,\ ServerManagementView.swift /Users/machdi/xxdevappsxx/earsonics/earsonics/Views/QueueView.swift /Users/machdi/xxdevappsxx/earsonics/earsonics/Views/SearchView.swift /Users/machdi/xxdevappsxx/earsonics/earsonics/Views/ServerManagementView.swift (in target 'earsonics' from project 'earsonics')

SwiftCompile normal arm64 /Users/machdi/xxdevappsxx/earsonics/earsonics/Views/QueueView.swift (in target 'earsonics' from project 'earsonics')
    cd /Users/machdi/xxdevappsxx/earsonics
    

SwiftCompile normal arm64 /Users/machdi/xxdevappsxx/earsonics/earsonics/Views/SearchView.swift (in target 'earsonics' from project 'earsonics')
    cd /Users/machdi/xxdevappsxx/earsonics
    

SwiftCompile normal arm64 /Users/machdi/xxdevappsxx/earsonics/earsonics/Views/ServerManagementView.swift (in target 'earsonics' from project 'earsonics')
    cd /Users/machdi/xxdevappsxx/earsonics
    

SwiftDriverJobDiscovery normal arm64 Emitting module for earsonics (in target 'earsonics' from project 'earsonics')

SwiftDriver\ Compilation\ Requirements earsonics normal arm64 com.apple.xcode.tools.swift.compiler (in target 'earsonics' from project 'earsonics')
    cd /Users/machdi/xxdevappsxx/earsonics
    builtin-Swift-Compilation-Requirements -- /Applications/Xcode.app/Contents/Developer/Toolchains/XcodeDefault.xctoolchain/usr/bin/swiftc -module-name earsonics -Onone @/Users/machdi/Library/Developer/Xcode/DerivedData/earsonics-edjcilendlsmvweqfawnjabcjoxo/Build/Intermediates.noindex/earsonics.build/Debug-appletvsimulator/earsonics.build/Objects-normal/arm64/earsonics.SwiftFileList -DDEBUG -default-isolation\=MainActor -enable-bare-slash-regex -enable-upcoming-feature DisableOutwardActorInference -enable-upcoming-feature InferSendableFromCaptures -enable-upcoming-feature GlobalActorIsolatedTypesUsability -enable-upcoming-feature MemberImportVisibility -enable-upcoming-feature InferIsolatedConformances -enable-upcoming-feature NonisolatedNonsendingByDefault -enable-experimental-feature DebugDescriptionMacro -sdk /Applications/Xcode.app/Contents/Developer/Platforms/AppleTVSimulator.platform/Developer/SDKs/AppleTVSimulator26.5.sdk -target arm64-apple-tvos26.4-simulator -g -module-cache-path /Users/machdi/Library/Developer/Xcode/DerivedData/ModuleCache.noindex -Xfrontend -serialize-debugging-options -profile-coverage-mapping -profile-generate -enable-testing -index-store-path /Users/machdi/Library/Developer/Xcode/DerivedData/earsonics-edjcilendlsmvweqfawnjabcjoxo/Index.noindex/DataStore -Xcc -D_LIBCPP_HARDENING_MODE\=_LIBCPP_HARDENING_MODE_DEBUG -swift-version 5 -I /Users/machdi/Library/Developer/Xcode/DerivedData/earsonics-edjcilendlsmvweqfawnjabcjoxo/Build/Products/Debug-appletvsimulator -F /Users/machdi/Library/Developer/Xcode/DerivedData/earsonics-edjcilendlsmvweqfawnjabcjoxo/Build/Products/Debug-appletvsimulator -emit-localized-strings -emit-localized-strings-path /Users/machdi/Library/Developer/Xcode/DerivedData/earsonics-edjcilendlsmvweqfawnjabcjoxo/Build/Intermediates.noindex/earsonics.build/Debug-appletvsimulator/earsonics.build/Objects-normal/arm64 -c -j10 -enable-batch-mode -incremental -Xcc -ivfsstatcache -Xcc /Users/machdi/Library/Developer/Xcode/DerivedData/SDKStatCaches.noindex/appletvsimulator26.5-23L470-3434e82a2ee0c2054baaa80ae3ef1269.sdkstatcache -output-file-map /Users/machdi/Library/Developer/Xcode/DerivedData/earsonics-edjcilendlsmvweqfawnjabcjoxo/Build/Intermediates.noindex/earsonics.build/Debug-appletvsimulator/earsonics.build/Objects-normal/arm64/earsonics-OutputFileMap.json -use-frontend-parseable-output -save-temps -no-color-diagnostics -explicit-module-build -module-cache-path /Users/machdi/Library/Developer/Xcode/DerivedData/earsonics-edjcilendlsmvweqfawnjabcjoxo/Build/Intermediates.noindex/SwiftExplicitPrecompiledModules -clang-scanner-module-cache-path /Users/machdi/Library/Developer/Xcode/DerivedData/ModuleCache.noindex -sdk-module-cache-path /Users/machdi/Library/Developer/Xcode/DerivedData/ModuleCache.noindex -serialize-diagnostics -emit-dependencies -emit-module -emit-module-path /Users/machdi/Library/Developer/Xcode/DerivedData/earsonics-edjcilendlsmvweqfawnjabcjoxo/Build/Intermediates.noindex/earsonics.build/Debug-appletvsimulator/earsonics.build/Objects-normal/arm64/earsonics.swiftmodule -validate-clang-modules-once -clang-build-session-file /Users/machdi/Library/Developer/Xcode/DerivedData/ModuleCache.noindex/Session.modulevalidation -Xcc -I/Users/machdi/Library/Developer/Xcode/DerivedData/earsonics-edjcilendlsmvweqfawnjabcjoxo/Build/Intermediates.noindex/earsonics.build/Debug-appletvsimulator/earsonics.build/swift-overrides.hmap -emit-const-values -Xfrontend -const-gather-protocols-file -Xfrontend /Users/machdi/Library/Developer/Xcode/DerivedData/earsonics-edjcilendlsmvweqfawnjabcjoxo/Build/Intermediates.noindex/earsonics.build/Debug-appletvsimulator/earsonics.build/Objects-normal/arm64/earsonics_const_extract_protocols.json -Xcc -iquote -Xcc /Users/machdi/Library/Developer/Xcode/DerivedData/earsonics-edjcilendlsmvweqfawnjabcjoxo/Build/Intermediates.noindex/earsonics.build/Debug-appletvsimulator/earsonics.build/earsonics-generated-files.hmap -Xcc -I/Users/machdi/Library/Developer/Xcode/DerivedData/earsonics-edjcilendlsmvweqfawnjabcjoxo/Build/Intermediates.noindex/earsonics.build/Debug-appletvsimulator/earsonics.build/earsonics-own-target-headers.hmap -Xcc -I/Users/machdi/Library/Developer/Xcode/DerivedData/earsonics-edjcilendlsmvweqfawnjabcjoxo/Build/Intermediates.noindex/earsonics.build/Debug-appletvsimulator/earsonics.build/earsonics-all-target-headers.hmap -Xcc -iquote -Xcc /Users/machdi/Library/Developer/Xcode/DerivedData/earsonics-edjcilendlsmvweqfawnjabcjoxo/Build/Intermediates.noindex/earsonics.build/Debug-appletvsimulator/earsonics.build/earsonics-project-headers.hmap -Xcc -I/Users/machdi/Library/Developer/Xcode/DerivedData/earsonics-edjcilendlsmvweqfawnjabcjoxo/Build/Products/Debug-appletvsimulator/include -Xcc -I/Users/machdi/Library/Developer/Xcode/DerivedData/earsonics-edjcilendlsmvweqfawnjabcjoxo/Build/Intermediates.noindex/earsonics.build/Debug-appletvsimulator/earsonics.build/DerivedSources-normal/arm64 -Xcc -I/Users/machdi/Library/Developer/Xcode/DerivedData/earsonics-edjcilendlsmvweqfawnjabcjoxo/Build/Intermediates.noindex/earsonics.build/Debug-appletvsimulator/earsonics.build/DerivedSources/arm64 -Xcc -I/Users/machdi/Library/Developer/Xcode/DerivedData/earsonics-edjcilendlsmvweqfawnjabcjoxo/Build/Intermediates.noindex/earsonics.build/Debug-appletvsimulator/earsonics.build/DerivedSources -Xcc -DDEBUG\=1 -emit-objc-header -emit-objc-header-path /Users/machdi/Library/Developer/Xcode/DerivedData/earsonics-edjcilendlsmvweqfawnjabcjoxo/Build/Intermediates.noindex/earsonics.build/Debug-appletvsimulator/earsonics.build/Objects-normal/arm64/earsonics-Swift.h -working-directory /Users/machdi/xxdevappsxx/earsonics -experimental-emit-module-separately -disable-cmo

SwiftDriverJobDiscovery normal arm64 Compiling LibraryViewModel.swift, CoverArtView.swift, FocusStyle.swift (in target 'earsonics' from project 'earsonics')

SwiftCompile normal arm64 Compiling\ earsonicsApp.swift,\ GeneratedAssetSymbols.swift /Users/machdi/xxdevappsxx/earsonics/earsonics/earsonicsApp.swift /Users/machdi/Library/Developer/Xcode/DerivedData/earsonics-edjcilendlsmvweqfawnjabcjoxo/Build/Intermediates.noindex/earsonics.build/Debug-appletvsimulator/earsonics.build/DerivedSources/GeneratedAssetSymbols.swift (in target 'earsonics' from project 'earsonics')

SwiftCompile normal arm64 /Users/machdi/xxdevappsxx/earsonics/earsonics/earsonicsApp.swift (in target 'earsonics' from project 'earsonics')
    cd /Users/machdi/xxdevappsxx/earsonics
    

SwiftCompile normal arm64 /Users/machdi/Library/Developer/Xcode/DerivedData/earsonics-edjcilendlsmvweqfawnjabcjoxo/Build/Intermediates.noindex/earsonics.build/Debug-appletvsimulator/earsonics.build/DerivedSources/GeneratedAssetSymbols.swift (in target 'earsonics' from project 'earsonics')
    cd /Users/machdi/xxdevappsxx/earsonics
    

SwiftMergeGeneratedHeaders /Users/machdi/Library/Developer/Xcode/DerivedData/earsonics-edjcilendlsmvweqfawnjabcjoxo/Build/Intermediates.noindex/earsonics.build/Debug-appletvsimulator/earsonics.build/DerivedSources/earsonics-Swift.h /Users/machdi/Library/Developer/Xcode/DerivedData/earsonics-edjcilendlsmvweqfawnjabcjoxo/Build/Intermediates.noindex/earsonics.build/Debug-appletvsimulator/earsonics.build/Objects-normal/arm64/earsonics-Swift.h (in target 'earsonics' from project 'earsonics')
    cd /Users/machdi/xxdevappsxx/earsonics
    builtin-swiftHeaderTool -arch arm64 /Users/machdi/Library/Developer/Xcode/DerivedData/earsonics-edjcilendlsmvweqfawnjabcjoxo/Build/Intermediates.noindex/earsonics.build/Debug-appletvsimulator/earsonics.build/Objects-normal/arm64/earsonics-Swift.h -o /Users/machdi/Library/Developer/Xcode/DerivedData/earsonics-edjcilendlsmvweqfawnjabcjoxo/Build/Intermediates.noindex/earsonics.build/Debug-appletvsimulator/earsonics.build/DerivedSources/earsonics-Swift.h

SwiftDriverJobDiscovery normal arm64 Compiling SettingsView.swift, SongsView.swift (in target 'earsonics' from project 'earsonics')

Copy /Users/machdi/Library/Developer/Xcode/DerivedData/earsonics-edjcilendlsmvweqfawnjabcjoxo/Build/Products/Debug-appletvsimulator/earsonics.swiftmodule/arm64-apple-tvos-simulator.swiftmodule /Users/machdi/Library/Developer/Xcode/DerivedData/earsonics-edjcilendlsmvweqfawnjabcjoxo/Build/Intermediates.noindex/earsonics.build/Debug-appletvsimulator/earsonics.build/Objects-normal/arm64/earsonics.swiftmodule (in target 'earsonics' from project 'earsonics')
    cd /Users/machdi/xxdevappsxx/earsonics
    builtin-copy -exclude .DS_Store -exclude CVS -exclude .svn -exclude .git -exclude .hg -resolve-src-symlinks -rename /Users/machdi/Library/Developer/Xcode/DerivedData/earsonics-edjcilendlsmvweqfawnjabcjoxo/Build/Intermediates.noindex/earsonics.build/Debug-appletvsimulator/earsonics.build/Objects-normal/arm64/earsonics.swiftmodule /Users/machdi/Library/Developer/Xcode/DerivedData/earsonics-edjcilendlsmvweqfawnjabcjoxo/Build/Products/Debug-appletvsimulator/earsonics.swiftmodule/arm64-apple-tvos-simulator.swiftmodule

Copy /Users/machdi/Library/Developer/Xcode/DerivedData/earsonics-edjcilendlsmvweqfawnjabcjoxo/Build/Products/Debug-appletvsimulator/earsonics.swiftmodule/arm64-apple-tvos-simulator.swiftdoc /Users/machdi/Library/Developer/Xcode/DerivedData/earsonics-edjcilendlsmvweqfawnjabcjoxo/Build/Intermediates.noindex/earsonics.build/Debug-appletvsimulator/earsonics.build/Objects-normal/arm64/earsonics.swiftdoc (in target 'earsonics' from project 'earsonics')
    cd /Users/machdi/xxdevappsxx/earsonics
    builtin-copy -exclude .DS_Store -exclude CVS -exclude .svn -exclude .git -exclude .hg -resolve-src-symlinks -rename /Users/machdi/Library/Developer/Xcode/DerivedData/earsonics-edjcilendlsmvweqfawnjabcjoxo/Build/Intermediates.noindex/earsonics.build/Debug-appletvsimulator/earsonics.build/Objects-normal/arm64/earsonics.swiftdoc /Users/machdi/Library/Developer/Xcode/DerivedData/earsonics-edjcilendlsmvweqfawnjabcjoxo/Build/Products/Debug-appletvsimulator/earsonics.swiftmodule/arm64-apple-tvos-simulator.swiftdoc

Copy /Users/machdi/Library/Developer/Xcode/DerivedData/earsonics-edjcilendlsmvweqfawnjabcjoxo/Build/Products/Debug-appletvsimulator/earsonics.swiftmodule/arm64-apple-tvos-simulator.abi.json /Users/machdi/Library/Developer/Xcode/DerivedData/earsonics-edjcilendlsmvweqfawnjabcjoxo/Build/Intermediates.noindex/earsonics.build/Debug-appletvsimulator/earsonics.build/Objects-normal/arm64/earsonics.abi.json (in target 'earsonics' from project 'earsonics')
    cd /Users/machdi/xxdevappsxx/earsonics
    builtin-copy -exclude .DS_Store -exclude CVS -exclude .svn -exclude .git -exclude .hg -resolve-src-symlinks -rename /Users/machdi/Library/Developer/Xcode/DerivedData/earsonics-edjcilendlsmvweqfawnjabcjoxo/Build/Intermediates.noindex/earsonics.build/Debug-appletvsimulator/earsonics.build/Objects-normal/arm64/earsonics.abi.json /Users/machdi/Library/Developer/Xcode/DerivedData/earsonics-edjcilendlsmvweqfawnjabcjoxo/Build/Products/Debug-appletvsimulator/earsonics.swiftmodule/arm64-apple-tvos-simulator.abi.json

Copy /Users/machdi/Library/Developer/Xcode/DerivedData/earsonics-edjcilendlsmvweqfawnjabcjoxo/Build/Products/Debug-appletvsimulator/earsonics.swiftmodule/Project/arm64-apple-tvos-simulator.swiftsourceinfo /Users/machdi/Library/Developer/Xcode/DerivedData/earsonics-edjcilendlsmvweqfawnjabcjoxo/Build/Intermediates.noindex/earsonics.build/Debug-appletvsimulator/earsonics.build/Objects-normal/arm64/earsonics.swiftsourceinfo (in target 'earsonics' from project 'earsonics')
    cd /Users/machdi/xxdevappsxx/earsonics
    builtin-copy -exclude .DS_Store -exclude CVS -exclude .svn -exclude .git -exclude .hg -resolve-src-symlinks -rename /Users/machdi/Library/Developer/Xcode/DerivedData/earsonics-edjcilendlsmvweqfawnjabcjoxo/Build/Intermediates.noindex/earsonics.build/Debug-appletvsimulator/earsonics.build/Objects-normal/arm64/earsonics.swiftsourceinfo /Users/machdi/Library/Developer/Xcode/DerivedData/earsonics-edjcilendlsmvweqfawnjabcjoxo/Build/Products/Debug-appletvsimulator/earsonics.swiftmodule/Project/arm64-apple-tvos-simulator.swiftsourceinfo

SwiftDriverJobDiscovery normal arm64 Compiling earsonicsApp.swift, GeneratedAssetSymbols.swift (in target 'earsonics' from project 'earsonics')

SwiftDriverJobDiscovery normal arm64 Compiling StarredView.swift, ContentView.swift (in target 'earsonics' from project 'earsonics')

SwiftDriverJobDiscovery normal arm64 Compiling SubsonicClient.swift, SharedLayout.swift, AppState.swift (in target 'earsonics' from project 'earsonics')

SwiftDriverJobDiscovery normal arm64 Compiling ScrollingText.swift, StarButton.swift, AlbumDetailView.swift (in target 'earsonics' from project 'earsonics')

SwiftDriverJobDiscovery normal arm64 Compiling ArtistsView.swift, HomeView.swift, LyricsView.swift (in target 'earsonics' from project 'earsonics')

SwiftDriverJobDiscovery normal arm64 Compiling MediaModels.swift, Server.swift, AudioPlayerService.swift (in target 'earsonics' from project 'earsonics')

SwiftDriverJobDiscovery normal arm64 Compiling MiniPlayerBar.swift, NowPlayingView.swift, PlaylistsView.swift (in target 'earsonics' from project 'earsonics')

SwiftDriverJobDiscovery normal arm64 Compiling QueueView.swift, SearchView.swift, ServerManagementView.swift (in target 'earsonics' from project 'earsonics')

SwiftDriver\ Compilation earsonics normal arm64 com.apple.xcode.tools.swift.compiler (in target 'earsonics' from project 'earsonics')
    cd /Users/machdi/xxdevappsxx/earsonics
    builtin-Swift-Compilation -- /Applications/Xcode.app/Contents/Developer/Toolchains/XcodeDefault.xctoolchain/usr/bin/swiftc -module-name earsonics -Onone @/Users/machdi/Library/Developer/Xcode/DerivedData/earsonics-edjcilendlsmvweqfawnjabcjoxo/Build/Intermediates.noindex/earsonics.build/Debug-appletvsimulator/earsonics.build/Objects-normal/arm64/earsonics.SwiftFileList -DDEBUG -default-isolation\=MainActor -enable-bare-slash-regex -enable-upcoming-feature DisableOutwardActorInference -enable-upcoming-feature InferSendableFromCaptures -enable-upcoming-feature GlobalActorIsolatedTypesUsability -enable-upcoming-feature MemberImportVisibility -enable-upcoming-feature InferIsolatedConformances -enable-upcoming-feature NonisolatedNonsendingByDefault -enable-experimental-feature DebugDescriptionMacro -sdk /Applications/Xcode.app/Contents/Developer/Platforms/AppleTVSimulator.platform/Developer/SDKs/AppleTVSimulator26.5.sdk -target arm64-apple-tvos26.4-simulator -g -module-cache-path /Users/machdi/Library/Developer/Xcode/DerivedData/ModuleCache.noindex -Xfrontend -serialize-debugging-options -profile-coverage-mapping -profile-generate -enable-testing -index-store-path /Users/machdi/Library/Developer/Xcode/DerivedData/earsonics-edjcilendlsmvweqfawnjabcjoxo/Index.noindex/DataStore -Xcc -D_LIBCPP_HARDENING_MODE\=_LIBCPP_HARDENING_MODE_DEBUG -swift-version 5 -I /Users/machdi/Library/Developer/Xcode/DerivedData/earsonics-edjcilendlsmvweqfawnjabcjoxo/Build/Products/Debug-appletvsimulator -F /Users/machdi/Library/Developer/Xcode/DerivedData/earsonics-edjcilendlsmvweqfawnjabcjoxo/Build/Products/Debug-appletvsimulator -emit-localized-strings -emit-localized-strings-path /Users/machdi/Library/Developer/Xcode/DerivedData/earsonics-edjcilendlsmvweqfawnjabcjoxo/Build/Intermediates.noindex/earsonics.build/Debug-appletvsimulator/earsonics.build/Objects-normal/arm64 -c -j10 -enable-batch-mode -incremental -Xcc -ivfsstatcache -Xcc /Users/machdi/Library/Developer/Xcode/DerivedData/SDKStatCaches.noindex/appletvsimulator26.5-23L470-3434e82a2ee0c2054baaa80ae3ef1269.sdkstatcache -output-file-map /Users/machdi/Library/Developer/Xcode/DerivedData/earsonics-edjcilendlsmvweqfawnjabcjoxo/Build/Intermediates.noindex/earsonics.build/Debug-appletvsimulator/earsonics.build/Objects-normal/arm64/earsonics-OutputFileMap.json -use-frontend-parseable-output -save-temps -no-color-diagnostics -explicit-module-build -module-cache-path /Users/machdi/Library/Developer/Xcode/DerivedData/earsonics-edjcilendlsmvweqfawnjabcjoxo/Build/Intermediates.noindex/SwiftExplicitPrecompiledModules -clang-scanner-module-cache-path /Users/machdi/Library/Developer/Xcode/DerivedData/ModuleCache.noindex -sdk-module-cache-path /Users/machdi/Library/Developer/Xcode/DerivedData/ModuleCache.noindex -serialize-diagnostics -emit-dependencies -emit-module -emit-module-path /Users/machdi/Library/Developer/Xcode/DerivedData/earsonics-edjcilendlsmvweqfawnjabcjoxo/Build/Intermediates.noindex/earsonics.build/Debug-appletvsimulator/earsonics.build/Objects-normal/arm64/earsonics.swiftmodule -validate-clang-modules-once -clang-build-session-file /Users/machdi/Library/Developer/Xcode/DerivedData/ModuleCache.noindex/Session.modulevalidation -Xcc -I/Users/machdi/Library/Developer/Xcode/DerivedData/earsonics-edjcilendlsmvweqfawnjabcjoxo/Build/Intermediates.noindex/earsonics.build/Debug-appletvsimulator/earsonics.build/swift-overrides.hmap -emit-const-values -Xfrontend -const-gather-protocols-file -Xfrontend /Users/machdi/Library/Developer/Xcode/DerivedData/earsonics-edjcilendlsmvweqfawnjabcjoxo/Build/Intermediates.noindex/earsonics.build/Debug-appletvsimulator/earsonics.build/Objects-normal/arm64/earsonics_const_extract_protocols.json -Xcc -iquote -Xcc /Users/machdi/Library/Developer/Xcode/DerivedData/earsonics-edjcilendlsmvweqfawnjabcjoxo/Build/Intermediates.noindex/earsonics.build/Debug-appletvsimulator/earsonics.build/earsonics-generated-files.hmap -Xcc -I/Users/machdi/Library/Developer/Xcode/DerivedData/earsonics-edjcilendlsmvweqfawnjabcjoxo/Build/Intermediates.noindex/earsonics.build/Debug-appletvsimulator/earsonics.build/earsonics-own-target-headers.hmap -Xcc -I/Users/machdi/Library/Developer/Xcode/DerivedData/earsonics-edjcilendlsmvweqfawnjabcjoxo/Build/Intermediates.noindex/earsonics.build/Debug-appletvsimulator/earsonics.build/earsonics-all-target-headers.hmap -Xcc -iquote -Xcc /Users/machdi/Library/Developer/Xcode/DerivedData/earsonics-edjcilendlsmvweqfawnjabcjoxo/Build/Intermediates.noindex/earsonics.build/Debug-appletvsimulator/earsonics.build/earsonics-project-headers.hmap -Xcc -I/Users/machdi/Library/Developer/Xcode/DerivedData/earsonics-edjcilendlsmvweqfawnjabcjoxo/Build/Products/Debug-appletvsimulator/include -Xcc -I/Users/machdi/Library/Developer/Xcode/DerivedData/earsonics-edjcilendlsmvweqfawnjabcjoxo/Build/Intermediates.noindex/earsonics.build/Debug-appletvsimulator/earsonics.build/DerivedSources-normal/arm64 -Xcc -I/Users/machdi/Library/Developer/Xcode/DerivedData/earsonics-edjcilendlsmvweqfawnjabcjoxo/Build/Intermediates.noindex/earsonics.build/Debug-appletvsimulator/earsonics.build/DerivedSources/arm64 -Xcc -I/Users/machdi/Library/Developer/Xcode/DerivedData/earsonics-edjcilendlsmvweqfawnjabcjoxo/Build/Intermediates.noindex/earsonics.build/Debug-appletvsimulator/earsonics.build/DerivedSources -Xcc -DDEBUG\=1 -emit-objc-header -emit-objc-header-path /Users/machdi/Library/Developer/Xcode/DerivedData/earsonics-edjcilendlsmvweqfawnjabcjoxo/Build/Intermediates.noindex/earsonics.build/Debug-appletvsimulator/earsonics.build/Objects-normal/arm64/earsonics-Swift.h -working-directory /Users/machdi/xxdevappsxx/earsonics -experimental-emit-module-separately -disable-cmo

Ld /Users/machdi/Library/Developer/Xcode/DerivedData/earsonics-edjcilendlsmvweqfawnjabcjoxo/Build/Products/Debug-appletvsimulator/earsonics.app/earsonics.debug.dylib normal (in target 'earsonics' from project 'earsonics')
    cd /Users/machdi/xxdevappsxx/earsonics
    /Applications/Xcode.app/Contents/Developer/Toolchains/XcodeDefault.xctoolchain/usr/bin/clang -Xlinker -reproducible -target arm64-apple-tvos26.4-simulator -dynamiclib -isysroot /Applications/Xcode.app/Contents/Developer/Platforms/AppleTVSimulator.platform/Developer/SDKs/AppleTVSimulator26.5.sdk -O0 -L/Users/machdi/Library/Developer/Xcode/DerivedData/earsonics-edjcilendlsmvweqfawnjabcjoxo/Build/Intermediates.noindex/EagerLinkingTBDs/Debug-appletvsimulator -L/Users/machdi/Library/Developer/Xcode/DerivedData/earsonics-edjcilendlsmvweqfawnjabcjoxo/Build/Products/Debug-appletvsimulator -F/Users/machdi/Library/Developer/Xcode/DerivedData/earsonics-edjcilendlsmvweqfawnjabcjoxo/Build/Intermediates.noindex/EagerLinkingTBDs/Debug-appletvsimulator -F/Users/machdi/Library/Developer/Xcode/DerivedData/earsonics-edjcilendlsmvweqfawnjabcjoxo/Build/Products/Debug-appletvsimulator -filelist /Users/machdi/Library/Developer/Xcode/DerivedData/earsonics-edjcilendlsmvweqfawnjabcjoxo/Build/Intermediates.noindex/earsonics.build/Debug-appletvsimulator/earsonics.build/Objects-normal/arm64/earsonics.LinkFileList -install_name @rpath/earsonics.debug.dylib -Xlinker -rpath -Xlinker @executable_path/Frameworks -Xlinker -dead_strip -Xlinker -object_path_lto -Xlinker /Users/machdi/Library/Developer/Xcode/DerivedData/earsonics-edjcilendlsmvweqfawnjabcjoxo/Build/Intermediates.noindex/earsonics.build/Debug-appletvsimulator/earsonics.build/Objects-normal/arm64/earsonics_lto.o -rdynamic -Xlinker -no_deduplicate -Xlinker -objc_abi_version -Xlinker 2 -Xlinker -debug_variant -Xlinker -dependency_info -Xlinker /Users/machdi/Library/Developer/Xcode/DerivedData/earsonics-edjcilendlsmvweqfawnjabcjoxo/Build/Intermediates.noindex/earsonics.build/Debug-appletvsimulator/earsonics.build/Objects-normal/arm64/earsonics_dependency_info.dat -fobjc-link-runtime -fprofile-instr-generate -L/Applications/Xcode.app/Contents/Developer/Toolchains/XcodeDefault.xctoolchain/usr/lib/swift/appletvsimulator -L/usr/lib/swift -Xlinker -add_ast_path -Xlinker /Users/machdi/Library/Developer/Xcode/DerivedData/earsonics-edjcilendlsmvweqfawnjabcjoxo/Build/Intermediates.noindex/earsonics.build/Debug-appletvsimulator/earsonics.build/Objects-normal/arm64/earsonics.swiftmodule @/Users/machdi/Library/Developer/Xcode/DerivedData/earsonics-edjcilendlsmvweqfawnjabcjoxo/Build/Intermediates.noindex/earsonics.build/Debug-appletvsimulator/earsonics.build/Objects-normal/arm64/earsonics-linker-args.resp -Xlinker -alias -Xlinker _main -Xlinker ___debug_main_executable_dylib_entry_point -Xlinker -no_adhoc_codesign -o /Users/machdi/Library/Developer/Xcode/DerivedData/earsonics-edjcilendlsmvweqfawnjabcjoxo/Build/Products/Debug-appletvsimulator/earsonics.app/earsonics.debug.dylib

ConstructStubExecutorLinkFileList /Users/machdi/Library/Developer/Xcode/DerivedData/earsonics-edjcilendlsmvweqfawnjabcjoxo/Build/Intermediates.noindex/earsonics.build/Debug-appletvsimulator/earsonics.build/earsonics-ExecutorLinkFileList-normal-arm64.txt (in target 'earsonics' from project 'earsonics')
    cd /Users/machdi/xxdevappsxx/earsonics
    construct-stub-executor-link-file-list /Users/machdi/Library/Developer/Xcode/DerivedData/earsonics-edjcilendlsmvweqfawnjabcjoxo/Build/Products/Debug-appletvsimulator/earsonics.app/earsonics.debug.dylib /Applications/Xcode.app/Contents/Developer/Platforms/AppleTVSimulator.platform/Developer/usr/lib/libPreviewsJITStubExecutor_no_swift_entry_point.a /Applications/Xcode.app/Contents/Developer/Platforms/AppleTVSimulator.platform/Developer/usr/lib/libPreviewsJITStubExecutor.a --output /Users/machdi/Library/Developer/Xcode/DerivedData/earsonics-edjcilendlsmvweqfawnjabcjoxo/Build/Intermediates.noindex/earsonics.build/Debug-appletvsimulator/earsonics.build/earsonics-ExecutorLinkFileList-normal-arm64.txt
note: Using stub executor library with Swift entry point. (in target 'earsonics' from project 'earsonics')

Ld /Users/machdi/Library/Developer/Xcode/DerivedData/earsonics-edjcilendlsmvweqfawnjabcjoxo/Build/Products/Debug-appletvsimulator/earsonics.app/earsonics normal (in target 'earsonics' from project 'earsonics')
    cd /Users/machdi/xxdevappsxx/earsonics
    /Applications/Xcode.app/Contents/Developer/Toolchains/XcodeDefault.xctoolchain/usr/bin/clang -Xlinker -reproducible -target arm64-apple-tvos26.4-simulator -isysroot /Applications/Xcode.app/Contents/Developer/Platforms/AppleTVSimulator.platform/Developer/SDKs/AppleTVSimulator26.5.sdk -O0 -L/Users/machdi/Library/Developer/Xcode/DerivedData/earsonics-edjcilendlsmvweqfawnjabcjoxo/Build/Products/Debug-appletvsimulator -F/Users/machdi/Library/Developer/Xcode/DerivedData/earsonics-edjcilendlsmvweqfawnjabcjoxo/Build/Products/Debug-appletvsimulator -Xlinker -rpath -Xlinker @executable_path -Xlinker -rpath -Xlinker @executable_path/Frameworks -rdynamic -Xlinker -no_deduplicate -Xlinker -objc_abi_version -Xlinker 2 -Xlinker -debug_variant -e ___debug_blank_executor_main -Xlinker -sectcreate -Xlinker __TEXT -Xlinker __debug_dylib -Xlinker /Users/machdi/Library/Developer/Xcode/DerivedData/earsonics-edjcilendlsmvweqfawnjabcjoxo/Build/Intermediates.noindex/earsonics.build/Debug-appletvsimulator/earsonics.build/earsonics-DebugDylibPath-normal-arm64.txt -Xlinker -sectcreate -Xlinker __TEXT -Xlinker __debug_instlnm -Xlinker /Users/machdi/Library/Developer/Xcode/DerivedData/earsonics-edjcilendlsmvweqfawnjabcjoxo/Build/Intermediates.noindex/earsonics.build/Debug-appletvsimulator/earsonics.build/earsonics-DebugDylibInstallName-normal-arm64.txt -Xlinker -filelist -Xlinker /Users/machdi/Library/Developer/Xcode/DerivedData/earsonics-edjcilendlsmvweqfawnjabcjoxo/Build/Intermediates.noindex/earsonics.build/Debug-appletvsimulator/earsonics.build/earsonics-ExecutorLinkFileList-normal-arm64.txt -Xlinker -sectcreate -Xlinker __TEXT -Xlinker __entitlements -Xlinker /Users/machdi/Library/Developer/Xcode/DerivedData/earsonics-edjcilendlsmvweqfawnjabcjoxo/Build/Intermediates.noindex/earsonics.build/Debug-appletvsimulator/earsonics.build/earsonics.app-Simulated.xcent -Xlinker -sectcreate -Xlinker __TEXT -Xlinker __ents_der -Xlinker /Users/machdi/Library/Developer/Xcode/DerivedData/earsonics-edjcilendlsmvweqfawnjabcjoxo/Build/Intermediates.noindex/earsonics.build/Debug-appletvsimulator/earsonics.build/earsonics.app-Simulated.xcent.der /Users/machdi/Library/Developer/Xcode/DerivedData/earsonics-edjcilendlsmvweqfawnjabcjoxo/Build/Products/Debug-appletvsimulator/earsonics.app/earsonics.debug.dylib -Xlinker -no_adhoc_codesign -o /Users/machdi/Library/Developer/Xcode/DerivedData/earsonics-edjcilendlsmvweqfawnjabcjoxo/Build/Products/Debug-appletvsimulator/earsonics.app/earsonics

LinkAssetCatalog /Users/machdi/xxdevappsxx/earsonics/earsonics/Assets.xcassets (in target 'earsonics' from project 'earsonics')
    cd /Users/machdi/xxdevappsxx/earsonics
    builtin-linkAssetCatalog --thinned /Users/machdi/Library/Developer/Xcode/DerivedData/earsonics-edjcilendlsmvweqfawnjabcjoxo/Build/Intermediates.noindex/earsonics.build/Debug-appletvsimulator/earsonics.build/assetcatalog_output/thinned --thinned-dependencies /Users/machdi/Library/Developer/Xcode/DerivedData/earsonics-edjcilendlsmvweqfawnjabcjoxo/Build/Intermediates.noindex/earsonics.build/Debug-appletvsimulator/earsonics.build/assetcatalog_dependencies_thinned --thinned-info-plist-content /Users/machdi/Library/Developer/Xcode/DerivedData/earsonics-edjcilendlsmvweqfawnjabcjoxo/Build/Intermediates.noindex/earsonics.build/Debug-appletvsimulator/earsonics.build/assetcatalog_generated_info.plist_thinned --unthinned /Users/machdi/Library/Developer/Xcode/DerivedData/earsonics-edjcilendlsmvweqfawnjabcjoxo/Build/Intermediates.noindex/earsonics.build/Debug-appletvsimulator/earsonics.build/assetcatalog_output/unthinned --unthinned-dependencies /Users/machdi/Library/Developer/Xcode/DerivedData/earsonics-edjcilendlsmvweqfawnjabcjoxo/Build/Intermediates.noindex/earsonics.build/Debug-appletvsimulator/earsonics.build/assetcatalog_dependencies_unthinned --unthinned-info-plist-content /Users/machdi/Library/Developer/Xcode/DerivedData/earsonics-edjcilendlsmvweqfawnjabcjoxo/Build/Intermediates.noindex/earsonics.build/Debug-appletvsimulator/earsonics.build/assetcatalog_generated_info.plist_unthinned --output /Users/machdi/Library/Developer/Xcode/DerivedData/earsonics-edjcilendlsmvweqfawnjabcjoxo/Build/Products/Debug-appletvsimulator/earsonics.app --plist-output /Users/machdi/Library/Developer/Xcode/DerivedData/earsonics-edjcilendlsmvweqfawnjabcjoxo/Build/Intermediates.noindex/earsonics.build/Debug-appletvsimulator/earsonics.build/assetcatalog_generated_info.plist
note: Emplaced /Users/machdi/Library/Developer/Xcode/DerivedData/earsonics-edjcilendlsmvweqfawnjabcjoxo/Build/Products/Debug-appletvsimulator/earsonics.app/Assets.car (in target 'earsonics' from project 'earsonics')

ProcessInfoPlistFile /Users/machdi/Library/Developer/Xcode/DerivedData/earsonics-edjcilendlsmvweqfawnjabcjoxo/Build/Products/Debug-appletvsimulator/earsonics.app/Info.plist /Users/machdi/Library/Developer/Xcode/DerivedData/earsonics-edjcilendlsmvweqfawnjabcjoxo/Build/Intermediates.noindex/earsonics.build/Debug-appletvsimulator/earsonics.build/empty-earsonics.plist (in target 'earsonics' from project 'earsonics')
    cd /Users/machdi/xxdevappsxx/earsonics
    builtin-infoPlistUtility /Users/machdi/Library/Developer/Xcode/DerivedData/earsonics-edjcilendlsmvweqfawnjabcjoxo/Build/Intermediates.noindex/earsonics.build/Debug-appletvsimulator/earsonics.build/empty-earsonics.plist -producttype com.apple.product-type.application -genpkginfo /Users/machdi/Library/Developer/Xcode/DerivedData/earsonics-edjcilendlsmvweqfawnjabcjoxo/Build/Products/Debug-appletvsimulator/earsonics.app/PkgInfo -expandbuildsettings -format binary -platform appletvsimulator -additionalcontentfile /Users/machdi/Library/Developer/Xcode/DerivedData/earsonics-edjcilendlsmvweqfawnjabcjoxo/Build/Intermediates.noindex/earsonics.build/Debug-appletvsimulator/earsonics.build/assetcatalog_generated_info.plist -o /Users/machdi/Library/Developer/Xcode/DerivedData/earsonics-edjcilendlsmvweqfawnjabcjoxo/Build/Products/Debug-appletvsimulator/earsonics.app/Info.plist

CopySwiftLibs /Users/machdi/Library/Developer/Xcode/DerivedData/earsonics-edjcilendlsmvweqfawnjabcjoxo/Build/Products/Debug-appletvsimulator/earsonics.app (in target 'earsonics' from project 'earsonics')
    cd /Users/machdi/xxdevappsxx/earsonics
    builtin-swiftStdLibTool --copy --verbose --sign - --scan-executable /Users/machdi/Library/Developer/Xcode/DerivedData/earsonics-edjcilendlsmvweqfawnjabcjoxo/Build/Products/Debug-appletvsimulator/earsonics.app/earsonics.debug.dylib --scan-folder /Users/machdi/Library/Developer/Xcode/DerivedData/earsonics-edjcilendlsmvweqfawnjabcjoxo/Build/Products/Debug-appletvsimulator/earsonics.app/Frameworks --scan-folder /Users/machdi/Library/Developer/Xcode/DerivedData/earsonics-edjcilendlsmvweqfawnjabcjoxo/Build/Products/Debug-appletvsimulator/earsonics.app/PlugIns --scan-folder /Users/machdi/Library/Developer/Xcode/DerivedData/earsonics-edjcilendlsmvweqfawnjabcjoxo/Build/Products/Debug-appletvsimulator/earsonics.app/SystemExtensions --scan-folder /Users/machdi/Library/Developer/Xcode/DerivedData/earsonics-edjcilendlsmvweqfawnjabcjoxo/Build/Products/Debug-appletvsimulator/earsonics.app/Extensions --platform appletvsimulator --toolchain /Applications/Xcode.app/Contents/Developer/Toolchains/XcodeDefault.xctoolchain --destination /Users/machdi/Library/Developer/Xcode/DerivedData/earsonics-edjcilendlsmvweqfawnjabcjoxo/Build/Products/Debug-appletvsimulator/earsonics.app/Frameworks --strip-bitcode --strip-bitcode-tool /Applications/Xcode.app/Contents/Developer/Toolchains/XcodeDefault.xctoolchain/usr/bin/bitcode_strip --emit-dependency-info /Users/machdi/Library/Developer/Xcode/DerivedData/earsonics-edjcilendlsmvweqfawnjabcjoxo/Build/Intermediates.noindex/earsonics.build/Debug-appletvsimulator/earsonics.build/SwiftStdLibToolInputDependencies.dep --filter-for-swift-os

ExtractAppIntentsMetadata (in target 'earsonics' from project 'earsonics')
    cd /Users/machdi/xxdevappsxx/earsonics
    /Applications/Xcode.app/Contents/Developer/Toolchains/XcodeDefault.xctoolchain/usr/bin/appintentsmetadataprocessor --toolchain-dir /Applications/Xcode.app/Contents/Developer/Toolchains/XcodeDefault.xctoolchain --module-name earsonics --sdk-root /Applications/Xcode.app/Contents/Developer/Platforms/AppleTVSimulator.platform/Developer/SDKs/AppleTVSimulator26.5.sdk --xcode-version 17F42 --platform-family tvOS --deployment-target 26.4 --bundle-identifier com.wonderworks.earsonics --output /Users/machdi/Library/Developer/Xcode/DerivedData/earsonics-edjcilendlsmvweqfawnjabcjoxo/Build/Products/Debug-appletvsimulator/earsonics.app --target-triple arm64-apple-tvos26.4-simulator --binary-file /Users/machdi/Library/Developer/Xcode/DerivedData/earsonics-edjcilendlsmvweqfawnjabcjoxo/Build/Products/Debug-appletvsimulator/earsonics.app/earsonics --dependency-file /Users/machdi/Library/Developer/Xcode/DerivedData/earsonics-edjcilendlsmvweqfawnjabcjoxo/Build/Intermediates.noindex/earsonics.build/Debug-appletvsimulator/earsonics.build/Objects-normal/arm64/earsonics_dependency_info.dat --stringsdata-file /Users/machdi/Library/Developer/Xcode/DerivedData/earsonics-edjcilendlsmvweqfawnjabcjoxo/Build/Intermediates.noindex/earsonics.build/Debug-appletvsimulator/earsonics.build/Objects-normal/arm64/ExtractedAppShortcutsMetadata.stringsdata --source-file-list /Users/machdi/Library/Developer/Xcode/DerivedData/earsonics-edjcilendlsmvweqfawnjabcjoxo/Build/Intermediates.noindex/earsonics.build/Debug-appletvsimulator/earsonics.build/Objects-normal/arm64/earsonics.SwiftFileList --metadata-file-list /Users/machdi/Library/Developer/Xcode/DerivedData/earsonics-edjcilendlsmvweqfawnjabcjoxo/Build/Intermediates.noindex/earsonics.build/Debug-appletvsimulator/earsonics.build/earsonics.DependencyMetadataFileList --static-metadata-file-list /Users/machdi/Library/Developer/Xcode/DerivedData/earsonics-edjcilendlsmvweqfawnjabcjoxo/Build/Intermediates.noindex/earsonics.build/Debug-appletvsimulator/earsonics.build/earsonics.DependencyStaticMetadataFileList --swift-const-vals-list /Users/machdi/Library/Developer/Xcode/DerivedData/earsonics-edjcilendlsmvweqfawnjabcjoxo/Build/Intermediates.noindex/earsonics.build/Debug-appletvsimulator/earsonics.build/Objects-normal/arm64/earsonics.SwiftConstValuesFileList --compile-time-extraction --deployment-aware-processing --validate-assistant-intents --no-app-shortcuts-localization
2026-06-05 12:43:28.155 appintentsmetadataprocessor[40048:1655092] Starting appintentsmetadataprocessor export
2026-06-05 12:43:28.160 appintentsmetadataprocessor[40048:1655092] warning: Metadata extraction skipped. No AppIntents.framework dependency found.

CodeSign /Users/machdi/Library/Developer/Xcode/DerivedData/earsonics-edjcilendlsmvweqfawnjabcjoxo/Build/Products/Debug-appletvsimulator/earsonics.app/earsonics.debug.dylib (in target 'earsonics' from project 'earsonics')
    cd /Users/machdi/xxdevappsxx/earsonics
    
    Signing Identity:     "Sign to Run Locally"
    
    /usr/bin/codesign --force --sign - --timestamp\=none --generate-entitlement-der /Users/machdi/Library/Developer/Xcode/DerivedData/earsonics-edjcilendlsmvweqfawnjabcjoxo/Build/Products/Debug-appletvsimulator/earsonics.app/earsonics.debug.dylib

CodeSign /Users/machdi/Library/Developer/Xcode/DerivedData/earsonics-edjcilendlsmvweqfawnjabcjoxo/Build/Products/Debug-appletvsimulator/earsonics.app/__preview.dylib (in target 'earsonics' from project 'earsonics')
    cd /Users/machdi/xxdevappsxx/earsonics
    
    Signing Identity:     "Sign to Run Locally"
    
    /usr/bin/codesign --force --sign - --timestamp\=none --generate-entitlement-der /Users/machdi/Library/Developer/Xcode/DerivedData/earsonics-edjcilendlsmvweqfawnjabcjoxo/Build/Products/Debug-appletvsimulator/earsonics.app/__preview.dylib

CodeSign /Users/machdi/Library/Developer/Xcode/DerivedData/earsonics-edjcilendlsmvweqfawnjabcjoxo/Build/Products/Debug-appletvsimulator/earsonics.app (in target 'earsonics' from project 'earsonics')
    cd /Users/machdi/xxdevappsxx/earsonics
    
    Signing Identity:     "Sign to Run Locally"
    
    /usr/bin/codesign --force --sign - --timestamp\=none --generate-entitlement-der /Users/machdi/Library/Developer/Xcode/DerivedData/earsonics-edjcilendlsmvweqfawnjabcjoxo/Build/Products/Debug-appletvsimulator/earsonics.app

RegisterExecutionPolicyException /Users/machdi/Library/Developer/Xcode/DerivedData/earsonics-edjcilendlsmvweqfawnjabcjoxo/Build/Products/Debug-appletvsimulator/earsonics.app (in target 'earsonics' from project 'earsonics')
    cd /Users/machdi/xxdevappsxx/earsonics
    builtin-RegisterExecutionPolicyException /Users/machdi/Library/Developer/Xcode/DerivedData/earsonics-edjcilendlsmvweqfawnjabcjoxo/Build/Products/Debug-appletvsimulator/earsonics.app

Validate /Users/machdi/Library/Developer/Xcode/DerivedData/earsonics-edjcilendlsmvweqfawnjabcjoxo/Build/Products/Debug-appletvsimulator/earsonics.app (in target 'earsonics' from project 'earsonics')
    cd /Users/machdi/xxdevappsxx/earsonics
    builtin-validationUtility /Users/machdi/Library/Developer/Xcode/DerivedData/earsonics-edjcilendlsmvweqfawnjabcjoxo/Build/Products/Debug-appletvsimulator/earsonics.app -shallow-bundle -infoplist-subpath Info.plist

Touch /Users/machdi/Library/Developer/Xcode/DerivedData/earsonics-edjcilendlsmvweqfawnjabcjoxo/Build/Products/Debug-appletvsimulator/earsonics.app (in target 'earsonics' from project 'earsonics')
    cd /Users/machdi/xxdevappsxx/earsonics
    /usr/bin/touch -c /Users/machdi/Library/Developer/Xcode/DerivedData/earsonics-edjcilendlsmvweqfawnjabcjoxo/Build/Products/Debug-appletvsimulator/earsonics.app

** BUILD SUCCEEDED **

